Loading plugins phase: Elapsed time ==> 0s.243ms
Initializing data phase: Elapsed time ==> 0s.000ms
<CYPRESSTAG name="CyDsfit arguments...">
cydsfit arguments: -.fdsnotice -.fdswarpdepfile=warp_dependencies.txt -.fdselabdepfile=elab_dependencies.txt -.fdsbldfile=generated_files.txt -p C:\github\Serial_Controlled_Motor_Driver\Firmware\PSoC Projects\FirmwareBuild\FW001.cydsn\FW001.cyprj -d CY8C4245LQI-483 -s C:\github\Serial_Controlled_Motor_Driver\Firmware\PSoC Projects\FirmwareBuild\FW001.cydsn\Generated_Source\PSoC4 -- -yv2 -q10 -ygs -o2 -v3 -.fftcfgtype=LE</CYPRESSTAG>
<CYPRESSTAG name="Design elaboration results...">
</CYPRESSTAG>
Elaboration phase: Elapsed time ==> 2s.676ms
<CYPRESSTAG name="HDL generation results...">
</CYPRESSTAG>
HDL generation phase: Elapsed time ==> 0s.072ms
<CYPRESSTAG name="Synthesis results...">

     | | | | | | |
   _________________
  -|               |-
  -|               |-
  -|               |-
  -|    CYPRESS    |-
  -|               |-
  -|               |-   Warp Verilog Synthesis Compiler: Version 6.3 IR 41
  -|               |-   Copyright (C) 1991-2001 Cypress Semiconductor
   |_______________|
     | | | | | | |

======================================================================
Compiling:  FW001.v
Program  :   C:\Program Files (x86)\Cypress\PSoC Creator\3.3\PSoC Creator\warp\bin/warp.exe
Options  :    -yv2 -q10 -ygs -o2 -v3 -.fftcfgtype=LE -ya -.fftprj=C:\github\Serial_Controlled_Motor_Driver\Firmware\PSoC Projects\FirmwareBuild\FW001.cydsn\FW001.cyprj -dcpsoc3 FW001.v -verilog
======================================================================

======================================================================
Compiling:  FW001.v
Program  :   C:\Program Files (x86)\Cypress\PSoC Creator\3.3\PSoC Creator\warp\bin/warp.exe
Options  :    -yv2 -q10 -ygs -o2 -v3 -.fftcfgtype=LE -ya -.fftprj=C:\github\Serial_Controlled_Motor_Driver\Firmware\PSoC Projects\FirmwareBuild\FW001.cydsn\FW001.cyprj -dcpsoc3 FW001.v -verilog
======================================================================

======================================================================
Compiling:  FW001.v
Program  :   vlogfe
Options  :    -yv2 -q10 -ygs -o2 -v3 -.fftcfgtype=LE -ya -.fftprj=C:\github\Serial_Controlled_Motor_Driver\Firmware\PSoC Projects\FirmwareBuild\FW001.cydsn\FW001.cyprj -dcpsoc3 -verilog FW001.v
======================================================================

vlogfe V6.3 IR 41:  Verilog parser
Tue Jun 28 15:05:44 2016


======================================================================
Compiling:  FW001.v
Program  :   vpp
Options  :    -yv2 -q10 FW001.v
======================================================================

vpp V6.3 IR 41:  Verilog Pre-Processor
Tue Jun 28 15:05:44 2016

Flattening file 'C:\Program Files (x86)\Cypress\PSoC Creator\3.3\PSoC Creator\psoc\content\cyprimitives\CyPrimitives.cylib\ZeroTerminal\ZeroTerminal.v'
Flattening file 'C:\Program Files (x86)\Cypress\PSoC Creator\3.3\PSoC Creator\psoc\content\cyprimitives\CyPrimitives.cylib\cy_virtualmux_v1_0\cy_virtualmux_v1_0.v'
Flattening file 'C:\Program Files (x86)\Cypress\PSoC Creator\3.3\PSoC Creator\psoc\content\cyprimitives\CyPrimitives.cylib\or_v1_0\or_v1_0.v'

vpp:  No errors.

Library 'work' => directory 'lcpsoc3'
General_symbol_table
General_symbol_table
Linking 'C:\Program Files (x86)\Cypress\PSoC Creator\3.3\PSoC Creator\warp\lib\common\std.vhd'.
Linking 'C:\Program Files (x86)\Cypress\PSoC Creator\3.3\PSoC Creator\warp\lib\common\cypress.vhd'.
Linking 'C:\Program Files (x86)\Cypress\PSoC Creator\3.3\PSoC Creator\warp\lib\common\work\cypress.vif'.
Linking 'C:\Program Files (x86)\Cypress\PSoC Creator\3.3\PSoC Creator\warp\lib\ieee\work\stdlogic.vif'.
Linking 'C:\Program Files (x86)\Cypress\PSoC Creator\3.3\PSoC Creator\warp\lib\common\stdlogic\lpmpkg.vif'.
Linking 'C:\Program Files (x86)\Cypress\PSoC Creator\3.3\PSoC Creator\warp\lib\common\stdlogic\rtlpkg.vif'.
Linking 'C:\Program Files (x86)\Cypress\PSoC Creator\3.3\PSoC Creator\warp\lib\common\stdlogic\mod_cnst.vif'.
Linking 'C:\Program Files (x86)\Cypress\PSoC Creator\3.3\PSoC Creator\warp\lib\common\stdlogic\mod_mthv.vif'.
Linking 'C:\Program Files (x86)\Cypress\PSoC Creator\3.3\PSoC Creator\warp\lib\common\stdlogic\mod_genv.vif'.
Using control file 'FW001.ctl'.

vlogfe:  No errors.


======================================================================
Compiling:  FW001.v
Program  :   tovif
Options  :    -yv2 -q10 -ygs -o2 -v3 -.fftcfgtype=LE -ya -.fftprj=C:\github\Serial_Controlled_Motor_Driver\Firmware\PSoC Projects\FirmwareBuild\FW001.cydsn\FW001.cyprj -dcpsoc3 -verilog FW001.v
======================================================================

tovif V6.3 IR 41:  High-level synthesis
Tue Jun 28 15:05:44 2016

Linking 'C:\Program Files (x86)\Cypress\PSoC Creator\3.3\PSoC Creator\warp\lib\common\std.vhd'.
Linking 'C:\Program Files (x86)\Cypress\PSoC Creator\3.3\PSoC Creator\warp\lib\common\cypress.vhd'.
Linking 'C:\Program Files (x86)\Cypress\PSoC Creator\3.3\PSoC Creator\warp\lib\common\work\cypress.vif'.
Linking 'C:\Program Files (x86)\Cypress\PSoC Creator\3.3\PSoC Creator\warp\lib\ieee\work\stdlogic.vif'.
Linking 'C:\Program Files (x86)\Cypress\PSoC Creator\3.3\PSoC Creator\warp\lib\common\stdlogic\lpmpkg.vif'.
Linking 'C:\Program Files (x86)\Cypress\PSoC Creator\3.3\PSoC Creator\warp\lib\common\stdlogic\rtlpkg.vif'.
Linking 'C:\Program Files (x86)\Cypress\PSoC Creator\3.3\PSoC Creator\warp\lib\common\stdlogic\mod_cnst.vif'.
Linking 'C:\Program Files (x86)\Cypress\PSoC Creator\3.3\PSoC Creator\warp\lib\common\stdlogic\mod_mthv.vif'.
Linking 'C:\Program Files (x86)\Cypress\PSoC Creator\3.3\PSoC Creator\warp\lib\common\stdlogic\mod_genv.vif'.
Linking 'C:\github\Serial_Controlled_Motor_Driver\Firmware\PSoC Projects\FirmwareBuild\FW001.cydsn\codegentemp\FW001.ctl'.
Linking 'C:\Program Files (x86)\Cypress\PSoC Creator\3.3\PSoC Creator\psoc\content\cyprimitives\CyPrimitives.cylib\ZeroTerminal\ZeroTerminal.v'.
Linking 'C:\github\Serial_Controlled_Motor_Driver\Firmware\PSoC Projects\FirmwareBuild\FW001.cydsn\codegentemp\FW001.v'.
Linking 'C:\Program Files (x86)\Cypress\PSoC Creator\3.3\PSoC Creator\psoc\content\cyprimitives\CyPrimitives.cylib\cy_virtualmux_v1_0\cy_virtualmux_v1_0.v'.
Linking 'C:\Program Files (x86)\Cypress\PSoC Creator\3.3\PSoC Creator\psoc\content\cyprimitives\CyPrimitives.cylib\or_v1_0\or_v1_0.v'.

tovif:  No errors.


======================================================================
Compiling:  FW001.v
Program  :   topld
Options  :    -yv2 -q10 -ygs -o2 -v3 -.fftcfgtype=LE -ya -.fftprj=C:\github\Serial_Controlled_Motor_Driver\Firmware\PSoC Projects\FirmwareBuild\FW001.cydsn\FW001.cyprj -dcpsoc3 -verilog FW001.v
======================================================================

topld V6.3 IR 41:  Synthesis and optimization
Tue Jun 28 15:05:44 2016

Linking 'C:\Program Files (x86)\Cypress\PSoC Creator\3.3\PSoC Creator\warp\lib\common\std.vhd'.
Linking 'C:\Program Files (x86)\Cypress\PSoC Creator\3.3\PSoC Creator\warp\lib\common\cypress.vhd'.
Linking 'C:\Program Files (x86)\Cypress\PSoC Creator\3.3\PSoC Creator\warp\lib\common\work\cypress.vif'.
Linking 'C:\Program Files (x86)\Cypress\PSoC Creator\3.3\PSoC Creator\warp\lib\ieee\work\stdlogic.vif'.
Linking 'C:\Program Files (x86)\Cypress\PSoC Creator\3.3\PSoC Creator\warp\lib\common\stdlogic\lpmpkg.vif'.
Linking 'C:\Program Files (x86)\Cypress\PSoC Creator\3.3\PSoC Creator\warp\lib\common\stdlogic\rtlpkg.vif'.
Linking 'C:\Program Files (x86)\Cypress\PSoC Creator\3.3\PSoC Creator\warp\lib\common\stdlogic\mod_cnst.vif'.
Linking 'C:\Program Files (x86)\Cypress\PSoC Creator\3.3\PSoC Creator\warp\lib\common\stdlogic\mod_mthv.vif'.
Linking 'C:\Program Files (x86)\Cypress\PSoC Creator\3.3\PSoC Creator\warp\lib\common\stdlogic\mod_genv.vif'.
Linking 'C:\github\Serial_Controlled_Motor_Driver\Firmware\PSoC Projects\FirmwareBuild\FW001.cydsn\codegentemp\FW001.ctl'.
Linking 'C:\Program Files (x86)\Cypress\PSoC Creator\3.3\PSoC Creator\psoc\content\cyprimitives\CyPrimitives.cylib\ZeroTerminal\ZeroTerminal.v'.
Linking 'C:\github\Serial_Controlled_Motor_Driver\Firmware\PSoC Projects\FirmwareBuild\FW001.cydsn\codegentemp\FW001.v'.
Linking 'C:\Program Files (x86)\Cypress\PSoC Creator\3.3\PSoC Creator\psoc\content\cyprimitives\CyPrimitives.cylib\cy_virtualmux_v1_0\cy_virtualmux_v1_0.v'.
Linking 'C:\Program Files (x86)\Cypress\PSoC Creator\3.3\PSoC Creator\psoc\content\cyprimitives\CyPrimitives.cylib\or_v1_0\or_v1_0.v'.
Linking 'C:\Program Files (x86)\Cypress\PSoC Creator\3.3\PSoC Creator\warp\lib\lcpsoc3\stdlogic\cpsoc3.vif'.

----------------------------------------------------------
Detecting unused logic.
----------------------------------------------------------
    User names
	\USER_PORT:Net_676\
	\USER_PORT:Net_245\
	\USER_PORT:Net_416\
	\USER_PORT:Net_682\
	\USER_PORT:uncfg_rx_irq\
	\USER_PORT:Net_754\
	\USER_PORT:Net_767\
	\USER_PORT:Net_899\
	\EXPANSION_PORT:Net_676\
	\EXPANSION_PORT:Net_245\
	\EXPANSION_PORT:Net_682\
	\EXPANSION_PORT:uncfg_rx_irq\
	\EXPANSION_PORT:Net_754\
	\EXPANSION_PORT:Net_767\
	\EXPANSION_PORT:Net_891\
	\EXPANSION_PORT:Net_899\


Deleted 16 User equations/components.
Deleted 0 Synthesized equations/components.

------------------------------------------------------
Alias Detection
------------------------------------------------------
Aliasing one to \USER_PORT:tmpOE__spi_sclk_net_0\
Aliasing \USER_PORT:tmpOE__spi_mosi_i2c_scl_uart_rx_net_0\ to \USER_PORT:tmpOE__spi_sclk_net_0\
Aliasing \USER_PORT:tmpOE__spi_miso_i2c_sda_uart_tx_net_0\ to \USER_PORT:tmpOE__spi_sclk_net_0\
Aliasing \USER_PORT:Net_459\ to zero
Aliasing \USER_PORT:Net_452\ to zero
Aliasing \USER_PORT:tmpOE__spi_ss0_net_0\ to \USER_PORT:tmpOE__spi_sclk_net_0\
Aliasing \USER_PORT:Net_747\ to zero
Aliasing tmpOE__LED_R_net_0 to \USER_PORT:tmpOE__spi_sclk_net_0\
Aliasing tmpOE__P2_4_A_PH_net_0 to \USER_PORT:tmpOE__spi_sclk_net_0\
Aliasing tmpOE__P2_6_B_PH_net_0 to \USER_PORT:tmpOE__spi_sclk_net_0\
Aliasing \PWM_1:Net_75\ to zero
Aliasing \PWM_1:Net_69\ to \USER_PORT:tmpOE__spi_sclk_net_0\
Aliasing \PWM_1:Net_66\ to zero
Aliasing \PWM_1:Net_82\ to zero
Aliasing \PWM_1:Net_72\ to zero
Aliasing \PWM_2:Net_81\ to \PWM_1:Net_81\
Aliasing \PWM_2:Net_75\ to zero
Aliasing \PWM_2:Net_69\ to \USER_PORT:tmpOE__spi_sclk_net_0\
Aliasing \PWM_2:Net_66\ to zero
Aliasing \PWM_2:Net_82\ to zero
Aliasing \PWM_2:Net_72\ to zero
Aliasing tmpOE__P2_5_A_EN_net_0 to \USER_PORT:tmpOE__spi_sclk_net_0\
Aliasing tmpOE__P2_7_B_EN_net_0 to \USER_PORT:tmpOE__spi_sclk_net_0\
Aliasing tmpOE__P2_3_MODE_net_0 to \USER_PORT:tmpOE__spi_sclk_net_0\
Aliasing \EXPANSION_PORT:tmpOE__spi_mosi_i2c_scl_uart_rx_net_0\ to \USER_PORT:tmpOE__spi_sclk_net_0\
Aliasing \EXPANSION_PORT:tmpOE__spi_miso_i2c_sda_uart_tx_net_0\ to \USER_PORT:tmpOE__spi_sclk_net_0\
Aliasing \EXPANSION_PORT:Net_459\ to zero
Aliasing \EXPANSION_PORT:Net_452\ to zero
Aliasing \EXPANSION_PORT:Net_416\ to zero
Aliasing \EXPANSION_PORT:Net_747\ to zero
Removing Rhs of wire one[6] = \USER_PORT:tmpOE__spi_sclk_net_0\[1]
Removing Lhs of wire \USER_PORT:tmpOE__spi_mosi_i2c_scl_uart_rx_net_0\[9] = one[6]
Removing Lhs of wire \USER_PORT:tmpOE__spi_miso_i2c_sda_uart_tx_net_0\[15] = one[6]
Removing Lhs of wire \USER_PORT:Net_459\[20] = zero[2]
Removing Lhs of wire \USER_PORT:Net_652\[21] = zero[2]
Removing Lhs of wire \USER_PORT:Net_452\[22] = zero[2]
Removing Lhs of wire \USER_PORT:tmpOE__spi_ss0_net_0\[27] = one[6]
Removing Lhs of wire \USER_PORT:Net_654\[33] = zero[2]
Removing Lhs of wire \USER_PORT:SCBclock\[36] = Net_2[37]
Removing Rhs of wire \USER_PORT:Net_653\[38] = \USER_PORT:Net_891\[39]
Removing Lhs of wire \USER_PORT:Net_653\[38] = \USER_PORT:Net_932\[3]
Removing Rhs of wire \USER_PORT:Net_909\[40] = \USER_PORT:Net_474\[41]
Removing Lhs of wire \USER_PORT:Net_909\[40] = \USER_PORT:Net_903\[10]
Removing Rhs of wire \USER_PORT:Net_663\[42] = \USER_PORT:Net_547\[43]
Removing Lhs of wire \USER_PORT:Net_663\[42] = \USER_PORT:Net_896\[16]
Removing Lhs of wire \USER_PORT:Net_739\[49] = zero[2]
Removing Lhs of wire \USER_PORT:Net_747\[50] = zero[2]
Removing Lhs of wire tmpOE__LED_R_net_0[68] = one[6]
Removing Lhs of wire tmpOE__P2_4_A_PH_net_0[75] = one[6]
Removing Lhs of wire tmpOE__P2_6_B_PH_net_0[82] = one[6]
Removing Lhs of wire \PWM_1:Net_81\[89] = Net_110[100]
Removing Lhs of wire \PWM_1:Net_75\[90] = zero[2]
Removing Lhs of wire \PWM_1:Net_69\[91] = one[6]
Removing Lhs of wire \PWM_1:Net_66\[92] = zero[2]
Removing Lhs of wire \PWM_1:Net_82\[93] = zero[2]
Removing Lhs of wire \PWM_1:Net_72\[94] = zero[2]
Removing Lhs of wire \PWM_2:Net_81\[102] = Net_110[100]
Removing Lhs of wire \PWM_2:Net_75\[103] = zero[2]
Removing Lhs of wire \PWM_2:Net_69\[104] = one[6]
Removing Lhs of wire \PWM_2:Net_66\[105] = zero[2]
Removing Lhs of wire \PWM_2:Net_82\[106] = zero[2]
Removing Lhs of wire \PWM_2:Net_72\[107] = zero[2]
Removing Lhs of wire tmpOE__P2_5_A_EN_net_0[115] = one[6]
Removing Lhs of wire tmpOE__P2_7_B_EN_net_0[121] = one[6]
Removing Lhs of wire tmpOE__P2_3_MODE_net_0[127] = one[6]
Removing Lhs of wire \EXPANSION_PORT:tmpOE__spi_mosi_i2c_scl_uart_rx_net_0\[133] = one[6]
Removing Lhs of wire \EXPANSION_PORT:tmpOE__spi_miso_i2c_sda_uart_tx_net_0\[139] = one[6]
Removing Lhs of wire \EXPANSION_PORT:Net_459\[144] = zero[2]
Removing Lhs of wire \EXPANSION_PORT:Net_652\[145] = zero[2]
Removing Lhs of wire \EXPANSION_PORT:Net_452\[146] = zero[2]
Removing Lhs of wire \EXPANSION_PORT:Net_416\[149] = zero[2]
Removing Lhs of wire \EXPANSION_PORT:Net_654\[150] = zero[2]
Removing Lhs of wire \EXPANSION_PORT:SCBclock\[153] = Net_299[154]
Removing Lhs of wire \EXPANSION_PORT:Net_653\[155] = zero[2]
Removing Rhs of wire \EXPANSION_PORT:Net_909\[156] = \EXPANSION_PORT:Net_474\[157]
Removing Lhs of wire \EXPANSION_PORT:Net_909\[156] = \EXPANSION_PORT:Net_903\[134]
Removing Rhs of wire \EXPANSION_PORT:Net_663\[158] = \EXPANSION_PORT:Net_547\[159]
Removing Lhs of wire \EXPANSION_PORT:Net_663\[158] = \EXPANSION_PORT:Net_896\[140]
Removing Lhs of wire \EXPANSION_PORT:Net_739\[165] = zero[2]
Removing Lhs of wire \EXPANSION_PORT:Net_747\[166] = zero[2]

------------------------------------------------------
Aliased 0 equations, 50 wires.
------------------------------------------------------

----------------------------------------------------------
Circuit simplification
----------------------------------------------------------

Substituting virtuals - pass 1:


----------------------------------------------------------
Circuit simplification results:

	Expanded 0 signals.
	Turned 0 signals into soft nodes.
	Maximum default expansion cost was set at 3.
----------------------------------------------------------

topld:  No errors.

CYPRESS_DIR    : C:\Program Files (x86)\Cypress\PSoC Creator\3.3\PSoC Creator\warp
Warp Program   : C:\Program Files (x86)\Cypress\PSoC Creator\3.3\PSoC Creator\warp\bin/warp.exe
Warp Arguments : -yv2 -q10 -ygs -o2 -v3 -.fftcfgtype=LE -ya "-.fftprj=C:\github\Serial_Controlled_Motor_Driver\Firmware\PSoC Projects\FirmwareBuild\FW001.cydsn\FW001.cyprj" -dcpsoc3 FW001.v -verilog
</CYPRESSTAG>
Warp synthesis phase: Elapsed time ==> 0s.445ms
<CYPRESSTAG name="Fitter results...">
<CYPRESSTAG name="Fitter startup details...">
cyp3fit: V3.3.0.9604, Family: PSoC3, Started at: Tuesday, 28 June 2016 15:05:44
Options: -yv2 -q10 -ygs -o2 -v3 -.fftcfgtype=LE -ya -.fftprj=C:\github\Serial_Controlled_Motor_Driver\Firmware\PSoC Projects\FirmwareBuild\FW001.cydsn\FW001.cyprj -d CY8C4245LQI-483 FW001.v -verilog
</CYPRESSTAG>
<CYPRESSTAG name="Design parsing">
Design parsing phase: Elapsed time ==> 0s.019ms
</CYPRESSTAG>
<CYPRESSTAG name="Tech mapping">
<CYPRESSTAG name="Initial Mapping" icon="FILE_RPT_TECHM">

Removing unused cells resulting from optimization
Done removing unused cells.
<CYPRESSTAG name="Global Clock Selection" icon="FILE_RPT_TECHM">
    Fixed Function Clock 8: Automatic-assigning  clock 'Clock_1'. Signal=Net_110_ff8
    Fixed Function Clock 9: Automatic-assigning  clock 'Clock_1'. Signal=Net_110_ff9
    Fixed Function Clock 2: Automatic-assigning  clock 'SCBCLK'. Signal=Net_2_ff2
    Fixed Function Clock 3: Automatic-assigning  clock 'EXPANSION_SCBCLK'. Signal=Net_299_ff3
<CYPRESSTAG name="UDB Clock/Enable Remapping Results">
</CYPRESSTAG>
</CYPRESSTAG>
ADD: pft.M0040: information: The following 2 pin(s) will be assigned a location by the fitter: \EXPANSION_PORT:spi_miso_i2c_sda_uart_tx(0)\, \EXPANSION_PORT:spi_mosi_i2c_scl_uart_rx(0)\


Removing unused cells resulting from optimization
Done removing unused cells.
<CYPRESSTAG name="Duplicate Macrocell detection">
</CYPRESSTAG>
</CYPRESSTAG>
<CYPRESSTAG name="Duplicate Macrocell detection">
</CYPRESSTAG>
<CYPRESSTAG name="Design Equations" icon="FILE_RPT_EQUATION">

------------------------------------------------------------
Design Equations
------------------------------------------------------------
    <CYPRESSTAG name="Pin listing">

    ------------------------------------------------------------
    Pin listing
    ------------------------------------------------------------

    Pin : Name = \USER_PORT:spi_sclk(0)\
        Attributes:
            In Group/Port: True
            In Sync Option: NOSYNC
            Out Sync Option: AUTO
            Interrupt generated: False
            Interrupt mode: NONE
            Drive mode: HI_Z_DIGITAL
            VTrip: CMOS
            Slew: FAST
            Input Sync needed: False
            Output Sync needed: False
            SC shield enabled: False
            POR State: ANY
            LCD Mode: COMMON
            Register Mode: RegComb
            CaSense Mode: NEITHER
            Treat as pin: True
            Is OE Registered: False
            Uses Analog: False
            Can contain Digital: True
            Is SIO: False
            SIO Output Buf: NONREGULATED
            SIO Input Buf: SINGLE_ENDED
            SIO HiFreq: LOW
            SIO Hyst: DISABLED
            SIO Vtrip: MULTIPLIER_0_5
            SIO Multiplier Index: 0
            SIO RefSel: VCC_IO
            Required Capabilitites: DIGITAL
            Initial Value: 0
            IO Voltage: 0
        PORT MAP (
            pa_out => \USER_PORT:spi_sclk(0)\__PA ,
            fb => \USER_PORT:Net_932\ ,
            pad => \USER_PORT:spi_sclk(0)_PAD\ );
        Properties:
        {
        }

    Pin : Name = \USER_PORT:spi_mosi_i2c_scl_uart_rx(0)\
        Attributes:
            In Group/Port: True
            In Sync Option: NOSYNC
            Out Sync Option: AUTO
            Interrupt generated: False
            Interrupt mode: NONE
            Drive mode: HI_Z_DIGITAL
            VTrip: CMOS
            Slew: FAST
            Input Sync needed: False
            Output Sync needed: False
            SC shield enabled: False
            POR State: ANY
            LCD Mode: COMMON
            Register Mode: RegComb
            CaSense Mode: NEITHER
            Treat as pin: True
            Is OE Registered: False
            Uses Analog: False
            Can contain Digital: True
            Is SIO: False
            SIO Output Buf: NONREGULATED
            SIO Input Buf: SINGLE_ENDED
            SIO HiFreq: LOW
            SIO Hyst: DISABLED
            SIO Vtrip: MULTIPLIER_0_5
            SIO Multiplier Index: 0
            SIO RefSel: VCC_IO
            Required Capabilitites: DIGITAL
            Initial Value: 0
            IO Voltage: 0
        PORT MAP (
            pa_out => \USER_PORT:spi_mosi_i2c_scl_uart_rx(0)\__PA ,
            fb => \USER_PORT:Net_903\ ,
            pad => \USER_PORT:spi_mosi_i2c_scl_uart_rx(0)_PAD\ );
        Properties:
        {
        }

    Pin : Name = \USER_PORT:spi_miso_i2c_sda_uart_tx(0)\
        Attributes:
            In Group/Port: True
            In Sync Option: NOSYNC
            Out Sync Option: AUTO
            Interrupt generated: False
            Interrupt mode: NONE
            Drive mode: HI_Z_DIGITAL
            VTrip: CMOS
            Slew: FAST
            Input Sync needed: False
            Output Sync needed: False
            SC shield enabled: False
            POR State: ANY
            LCD Mode: COMMON
            Register Mode: RegComb
            CaSense Mode: NEITHER
            Treat as pin: True
            Is OE Registered: False
            Uses Analog: False
            Can contain Digital: True
            Is SIO: False
            SIO Output Buf: NONREGULATED
            SIO Input Buf: SINGLE_ENDED
            SIO HiFreq: LOW
            SIO Hyst: DISABLED
            SIO Vtrip: MULTIPLIER_0_5
            SIO Multiplier Index: 0
            SIO RefSel: VCC_IO
            Required Capabilitites: DIGITAL
            Initial Value: 0
            IO Voltage: 0
        PORT MAP (
            pa_out => \USER_PORT:spi_miso_i2c_sda_uart_tx(0)\__PA ,
            fb => \USER_PORT:Net_896\ ,
            pad => \USER_PORT:spi_miso_i2c_sda_uart_tx(0)_PAD\ );
        Properties:
        {
        }

    Pin : Name = \USER_PORT:spi_ss0(0)\
        Attributes:
            In Group/Port: True
            In Sync Option: NOSYNC
            Out Sync Option: NOSYNC
            Interrupt generated: False
            Interrupt mode: NONE
            Drive mode: HI_Z_DIGITAL
            VTrip: CMOS
            Slew: FAST
            Input Sync needed: False
            Output Sync needed: False
            SC shield enabled: False
            POR State: ANY
            LCD Mode: COMMON
            Register Mode: RegComb
            CaSense Mode: NEITHER
            Treat as pin: True
            Is OE Registered: False
            Uses Analog: False
            Can contain Digital: True
            Is SIO: False
            SIO Output Buf: NONREGULATED
            SIO Input Buf: SINGLE_ENDED
            SIO HiFreq: LOW
            SIO Hyst: DISABLED
            SIO Vtrip: MULTIPLIER_0_5
            SIO Multiplier Index: 0
            SIO RefSel: VCC_IO
            Required Capabilitites: DIGITAL
            Initial Value: 1
            IO Voltage: 0
        PORT MAP (
            pa_out => \USER_PORT:spi_ss0(0)\__PA ,
            input => \USER_PORT:ss_0\ ,
            pad => \USER_PORT:spi_ss0(0)_PAD\ );
        Properties:
        {
        }

    Pin : Name = LED_R(0)
        Attributes:
            In Group/Port: True
            In Sync Option: AUTO
            Out Sync Option: NOSYNC
            Interrupt generated: False
            Interrupt mode: NONE
            Drive mode: CMOS_OUT
            VTrip: EITHER
            Slew: FAST
            Input Sync needed: False
            Output Sync needed: False
            SC shield enabled: False
            POR State: ANY
            LCD Mode: COMMON
            Register Mode: RegComb
            CaSense Mode: NEITHER
            Treat as pin: True
            Is OE Registered: False
            Uses Analog: False
            Can contain Digital: True
            Is SIO: False
            SIO Output Buf: NONREGULATED
            SIO Input Buf: SINGLE_ENDED
            SIO HiFreq: LOW
            SIO Hyst: DISABLED
            SIO Vtrip: MULTIPLIER_0_5
            SIO Multiplier Index: 0
            SIO RefSel: VCC_IO
            Required Capabilitites: DIGITAL
            Initial Value: 0
            IO Voltage: 0
        PORT MAP (
            pa_out => LED_R(0)__PA ,
            pad => LED_R(0)_PAD );
        Properties:
        {
        }

    Pin : Name = P2_4_A_PH(0)
        Attributes:
            In Group/Port: True
            In Sync Option: AUTO
            Out Sync Option: NOSYNC
            Interrupt generated: False
            Interrupt mode: NONE
            Drive mode: CMOS_OUT
            VTrip: EITHER
            Slew: FAST
            Input Sync needed: False
            Output Sync needed: False
            SC shield enabled: False
            POR State: ANY
            LCD Mode: COMMON
            Register Mode: RegComb
            CaSense Mode: NEITHER
            Treat as pin: True
            Is OE Registered: False
            Uses Analog: False
            Can contain Digital: True
            Is SIO: False
            SIO Output Buf: NONREGULATED
            SIO Input Buf: SINGLE_ENDED
            SIO HiFreq: LOW
            SIO Hyst: DISABLED
            SIO Vtrip: MULTIPLIER_0_5
            SIO Multiplier Index: 0
            SIO RefSel: VCC_IO
            Required Capabilitites: DIGITAL
            Initial Value: 1
            IO Voltage: 0
        PORT MAP (
            pa_out => P2_4_A_PH(0)__PA ,
            input => Net_73 ,
            pad => P2_4_A_PH(0)_PAD );
        Properties:
        {
        }

    Pin : Name = P2_6_B_PH(0)
        Attributes:
            In Group/Port: True
            In Sync Option: AUTO
            Out Sync Option: NOSYNC
            Interrupt generated: False
            Interrupt mode: NONE
            Drive mode: CMOS_OUT
            VTrip: EITHER
            Slew: FAST
            Input Sync needed: False
            Output Sync needed: False
            SC shield enabled: False
            POR State: ANY
            LCD Mode: COMMON
            Register Mode: RegComb
            CaSense Mode: NEITHER
            Treat as pin: True
            Is OE Registered: False
            Uses Analog: False
            Can contain Digital: True
            Is SIO: False
            SIO Output Buf: NONREGULATED
            SIO Input Buf: SINGLE_ENDED
            SIO HiFreq: LOW
            SIO Hyst: DISABLED
            SIO Vtrip: MULTIPLIER_0_5
            SIO Multiplier Index: 0
            SIO RefSel: VCC_IO
            Required Capabilitites: DIGITAL
            Initial Value: 1
            IO Voltage: 0
        PORT MAP (
            pa_out => P2_6_B_PH(0)__PA ,
            input => Net_74 ,
            pad => P2_6_B_PH(0)_PAD );
        Properties:
        {
        }

    Pin : Name = P2_5_A_EN(0)
        Attributes:
            In Group/Port: True
            In Sync Option: AUTO
            Out Sync Option: NOSYNC
            Interrupt generated: False
            Interrupt mode: NONE
            Drive mode: CMOS_OUT
            VTrip: EITHER
            Slew: FAST
            Input Sync needed: False
            Output Sync needed: False
            SC shield enabled: False
            POR State: ANY
            LCD Mode: COMMON
            Register Mode: RegComb
            CaSense Mode: NEITHER
            Treat as pin: True
            Is OE Registered: False
            Uses Analog: False
            Can contain Digital: True
            Is SIO: False
            SIO Output Buf: NONREGULATED
            SIO Input Buf: SINGLE_ENDED
            SIO HiFreq: LOW
            SIO Hyst: DISABLED
            SIO Vtrip: MULTIPLIER_0_5
            SIO Multiplier Index: 0
            SIO RefSel: VCC_IO
            Required Capabilitites: DIGITAL
            Initial Value: 0
            IO Voltage: 0
        PORT MAP (
            pa_out => P2_5_A_EN(0)__PA ,
            pad => P2_5_A_EN(0)_PAD );
        Properties:
        {
        }

    Pin : Name = P2_7_B_EN(0)
        Attributes:
            In Group/Port: True
            In Sync Option: AUTO
            Out Sync Option: NOSYNC
            Interrupt generated: False
            Interrupt mode: NONE
            Drive mode: CMOS_OUT
            VTrip: EITHER
            Slew: FAST
            Input Sync needed: False
            Output Sync needed: False
            SC shield enabled: False
            POR State: ANY
            LCD Mode: COMMON
            Register Mode: RegComb
            CaSense Mode: NEITHER
            Treat as pin: True
            Is OE Registered: False
            Uses Analog: False
            Can contain Digital: True
            Is SIO: False
            SIO Output Buf: NONREGULATED
            SIO Input Buf: SINGLE_ENDED
            SIO HiFreq: LOW
            SIO Hyst: DISABLED
            SIO Vtrip: MULTIPLIER_0_5
            SIO Multiplier Index: 0
            SIO RefSel: VCC_IO
            Required Capabilitites: DIGITAL
            Initial Value: 0
            IO Voltage: 0
        PORT MAP (
            pa_out => P2_7_B_EN(0)__PA ,
            pad => P2_7_B_EN(0)_PAD );
        Properties:
        {
        }

    Pin : Name = P2_3_MODE(0)
        Attributes:
            In Group/Port: True
            In Sync Option: AUTO
            Out Sync Option: NOSYNC
            Interrupt generated: False
            Interrupt mode: NONE
            Drive mode: CMOS_OUT
            VTrip: EITHER
            Slew: FAST
            Input Sync needed: False
            Output Sync needed: False
            SC shield enabled: False
            POR State: ANY
            LCD Mode: COMMON
            Register Mode: RegComb
            CaSense Mode: NEITHER
            Treat as pin: True
            Is OE Registered: False
            Uses Analog: False
            Can contain Digital: True
            Is SIO: False
            SIO Output Buf: NONREGULATED
            SIO Input Buf: SINGLE_ENDED
            SIO HiFreq: LOW
            SIO Hyst: DISABLED
            SIO Vtrip: MULTIPLIER_0_5
            SIO Multiplier Index: 0
            SIO RefSel: VCC_IO
            Required Capabilitites: DIGITAL
            Initial Value: 0
            IO Voltage: 0
        PORT MAP (
            pa_out => P2_3_MODE(0)__PA ,
            pad => P2_3_MODE(0)_PAD );
        Properties:
        {
        }

    Pin : Name = \EXPANSION_PORT:spi_mosi_i2c_scl_uart_rx(0)\
        Attributes:
            In Group/Port: True
            In Sync Option: NOSYNC
            Out Sync Option: AUTO
            Interrupt generated: False
            Interrupt mode: NONE
            Drive mode: HI_Z_DIGITAL
            VTrip: CMOS
            Slew: FAST
            Input Sync needed: False
            Output Sync needed: False
            SC shield enabled: False
            POR State: ANY
            LCD Mode: COMMON
            Register Mode: RegComb
            CaSense Mode: NEITHER
            Treat as pin: True
            Is OE Registered: False
            Uses Analog: False
            Can contain Digital: True
            Is SIO: False
            SIO Output Buf: NONREGULATED
            SIO Input Buf: SINGLE_ENDED
            SIO HiFreq: LOW
            SIO Hyst: DISABLED
            SIO Vtrip: MULTIPLIER_0_5
            SIO Multiplier Index: 0
            SIO RefSel: VCC_IO
            Required Capabilitites: DIGITAL
            Initial Value: 0
            IO Voltage: 0
        PORT MAP (
            pa_out => \EXPANSION_PORT:spi_mosi_i2c_scl_uart_rx(0)\__PA ,
            fb => \EXPANSION_PORT:Net_903\ ,
            pad => \EXPANSION_PORT:spi_mosi_i2c_scl_uart_rx(0)_PAD\ );

    Pin : Name = \EXPANSION_PORT:spi_miso_i2c_sda_uart_tx(0)\
        Attributes:
            In Group/Port: True
            In Sync Option: NOSYNC
            Out Sync Option: AUTO
            Interrupt generated: False
            Interrupt mode: NONE
            Drive mode: HI_Z_DIGITAL
            VTrip: CMOS
            Slew: FAST
            Input Sync needed: False
            Output Sync needed: False
            SC shield enabled: False
            POR State: ANY
            LCD Mode: COMMON
            Register Mode: RegComb
            CaSense Mode: NEITHER
            Treat as pin: True
            Is OE Registered: False
            Uses Analog: False
            Can contain Digital: True
            Is SIO: False
            SIO Output Buf: NONREGULATED
            SIO Input Buf: SINGLE_ENDED
            SIO HiFreq: LOW
            SIO Hyst: DISABLED
            SIO Vtrip: MULTIPLIER_0_5
            SIO Multiplier Index: 0
            SIO RefSel: VCC_IO
            Required Capabilitites: DIGITAL
            Initial Value: 0
            IO Voltage: 0
        PORT MAP (
            pa_out => \EXPANSION_PORT:spi_miso_i2c_sda_uart_tx(0)\__PA ,
            fb => \EXPANSION_PORT:Net_896\ ,
            pad => \EXPANSION_PORT:spi_miso_i2c_sda_uart_tx(0)_PAD\ );
    </CYPRESSTAG>
    <CYPRESSTAG name="Macrocell listing" icon="FILE_RPT_EQUATION">
    </CYPRESSTAG>
    <CYPRESSTAG name="Datapath listing">
    </CYPRESSTAG>
    <CYPRESSTAG name="Status register listing">
    </CYPRESSTAG>
    <CYPRESSTAG name="StatusI register listing">
    </CYPRESSTAG>
    <CYPRESSTAG name="Sync listing">
    </CYPRESSTAG>
    <CYPRESSTAG name="Control register listing">
    </CYPRESSTAG>
    <CYPRESSTAG name="Count7 listing">
    </CYPRESSTAG>
    <CYPRESSTAG name="DRQ listing">
    </CYPRESSTAG>
    <CYPRESSTAG name="Interrupt listing">

    ------------------------------------------------------------
    Interrupt listing
    ------------------------------------------------------------

    interrupt: Name =\USER_PORT:SCB_IRQ\
        PORT MAP (
            interrupt => Net_1 );
        Properties:
        {
            int_type = "10"
        }

    interrupt: Name =\EXPANSION_PORT:SCB_IRQ\
        PORT MAP (
            interrupt => Net_304 );
        Properties:
        {
            int_type = "10"
        }
    </CYPRESSTAG>
</CYPRESSTAG>
<CYPRESSTAG name="Technology mapping summary" expanded>

------------------------------------------------------------
Technology mapping summary
------------------------------------------------------------

Resource Type                 : Used : Free :  Max :  % Used
============================================================
Digital Clocks                :    0 :    4 :    4 :  0.00 %
Interrupts                    :    2 :   30 :   32 :  6.25 %
IO                            :   14 :   20 :   34 : 41.18 %
Segment LCD                   :    0 :    1 :    1 :  0.00 %
CapSense                      :    0 :    1 :    1 :  0.00 %
Die Temp                      :    0 :    1 :    1 :  0.00 %
Serial Communication (SCB)    :    2 :    0 :    2 : 100.00 %
Timer/Counter/PWM             :    2 :    2 :    4 : 50.00 %
UDB                           :      :      :      :        
  Macrocells                  :    0 :   32 :   32 :  0.00 %
  Unique P-terms              :    0 :   64 :   64 :  0.00 %
  Total P-terms               :    0 :      :      :        
  Datapath Cells              :    0 :    4 :    4 :  0.00 %
  Status Cells                :    0 :    4 :    4 :  0.00 %
  Control Cells               :    0 :    4 :    4 :  0.00 %
Comparator/Opamp              :    0 :    2 :    2 :  0.00 %
LP Comparator                 :    0 :    2 :    2 :  0.00 %
SAR ADC                       :    0 :    1 :    1 :  0.00 %
DAC                           :      :      :      :        
  7-bit IDAC                  :    0 :    1 :    1 :  0.00 %
  8-bit IDAC                  :    0 :    1 :    1 :  0.00 %
</CYPRESSTAG>
Technology Mapping: Elapsed time ==> 0s.013ms
Tech mapping phase: Elapsed time ==> 0s.051ms
</CYPRESSTAG>
<CYPRESSTAG name="Analog Placement">
<CYPRESSTAG name="Analog Placement">
Elapsed time ==> 0.1691764s
</CYPRESSTAG>
Analog Placement phase: Elapsed time ==> 0s.368ms
</CYPRESSTAG>
<CYPRESSTAG name="Analog Routing">
<CYPRESSTAG name="Analog Routing">
Route success=True, Iterations=1 Elapsed=0.0011247 secs
</CYPRESSTAG>
Analog Routing phase: Elapsed time ==> 0s.002ms
</CYPRESSTAG>
<CYPRESSTAG name="Analog Code Generation">
============ Analog Final Answer Routes ============
Dump of CyAnalogRoutingResultsDB
Map of net to items {
}
Map of item to net {
}
Mux Info {
}
Analog Code Generation phase: Elapsed time ==> 0s.018ms
</CYPRESSTAG>
<CYPRESSTAG name="Digital Placement">
<CYPRESSTAG name="Detailed placement messages">
I2659: No Constrained paths were found. The placer will run in non-timing driven mode.
I2076: Total run-time: 0.2 sec.

</CYPRESSTAG>
<CYPRESSTAG name="PLD Packing">
<CYPRESSTAG name="PLD Packing Summary">
No PLDs were packed.
</CYPRESSTAG>
PLD Packing: Elapsed time ==> 0s.000ms
</CYPRESSTAG>
<CYPRESSTAG name="Partitioning">
<CYPRESSTAG name="Initial Partitioning Summary">
Initial Partitioning Summary not displayed at this verbose level.</CYPRESSTAG>
<CYPRESSTAG name="Final Partitioning Summary">
Final Partitioning Summary not displayed at this verbose level.</CYPRESSTAG>
Partitioning: Elapsed time ==> 0s.015ms
</CYPRESSTAG>
<CYPRESSTAG name="Simulated Annealing">
Annealing: Elapsed time ==> 0s.002ms
<CYPRESSTAG name="Simulated Annealing Results">
The seed used for moves was 114161200.
Inital cost was 37, final cost is 37 (0.00% improvement).</CYPRESSTAG>
</CYPRESSTAG>
<CYPRESSTAG name="Final Placement Summary">

------------------------------------------------------------
Final Placement Summary
------------------------------------------------------------

       Resource Type :      Count : Avg Inputs : Avg Outputs
    ========================================================
                 UDB :          0 :       0.00 :       0.00
<CYPRESSTAG name="Final Placement Details">
<CYPRESSTAG name="Component Details">

------------------------------------------------------------
Component Placement Details
------------------------------------------------------------
UDB [UDB=(0,0)] is empty.
UDB [UDB=(0,1)] is empty.
UDB [UDB=(1,0)] is empty.
UDB [UDB=(1,1)] is empty.
Intr container @ [IntrContainer=(0)]: 
  Intr@ [IntrContainer=(0)][IntrId=(10)] 
    interrupt: Name =\EXPANSION_PORT:SCB_IRQ\
        PORT MAP (
            interrupt => Net_304 );
        Properties:
        {
            int_type = "10"
        }
  Intr@ [IntrContainer=(0)][IntrId=(11)] 
    interrupt: Name =\USER_PORT:SCB_IRQ\
        PORT MAP (
            interrupt => Net_1 );
        Properties:
        {
            int_type = "10"
        }
Port 0 contains the following IO cells:
[IoId=4]: 
Pin : Name = \USER_PORT:spi_mosi_i2c_scl_uart_rx(0)\
    Attributes:
        In Group/Port: True
        In Sync Option: NOSYNC
        Out Sync Option: AUTO
        Interrupt generated: False
        Interrupt mode: NONE
        Drive mode: HI_Z_DIGITAL
        VTrip: CMOS
        Slew: FAST
        Input Sync needed: False
        Output Sync needed: False
        SC shield enabled: False
        POR State: ANY
        LCD Mode: COMMON
        Register Mode: RegComb
        CaSense Mode: NEITHER
        Treat as pin: True
        Is OE Registered: False
        Uses Analog: False
        Can contain Digital: True
        Is SIO: False
        SIO Output Buf: NONREGULATED
        SIO Input Buf: SINGLE_ENDED
        SIO HiFreq: LOW
        SIO Hyst: DISABLED
        SIO Vtrip: MULTIPLIER_0_5
        SIO Multiplier Index: 0
        SIO RefSel: VCC_IO
        Required Capabilitites: DIGITAL
        Initial Value: 0
        IO Voltage: 0
    PORT MAP (
        pa_out => \USER_PORT:spi_mosi_i2c_scl_uart_rx(0)\__PA ,
        fb => \USER_PORT:Net_903\ ,
        pad => \USER_PORT:spi_mosi_i2c_scl_uart_rx(0)_PAD\ );
    Properties:
    {
    }

[IoId=5]: 
Pin : Name = \USER_PORT:spi_miso_i2c_sda_uart_tx(0)\
    Attributes:
        In Group/Port: True
        In Sync Option: NOSYNC
        Out Sync Option: AUTO
        Interrupt generated: False
        Interrupt mode: NONE
        Drive mode: HI_Z_DIGITAL
        VTrip: CMOS
        Slew: FAST
        Input Sync needed: False
        Output Sync needed: False
        SC shield enabled: False
        POR State: ANY
        LCD Mode: COMMON
        Register Mode: RegComb
        CaSense Mode: NEITHER
        Treat as pin: True
        Is OE Registered: False
        Uses Analog: False
        Can contain Digital: True
        Is SIO: False
        SIO Output Buf: NONREGULATED
        SIO Input Buf: SINGLE_ENDED
        SIO HiFreq: LOW
        SIO Hyst: DISABLED
        SIO Vtrip: MULTIPLIER_0_5
        SIO Multiplier Index: 0
        SIO RefSel: VCC_IO
        Required Capabilitites: DIGITAL
        Initial Value: 0
        IO Voltage: 0
    PORT MAP (
        pa_out => \USER_PORT:spi_miso_i2c_sda_uart_tx(0)\__PA ,
        fb => \USER_PORT:Net_896\ ,
        pad => \USER_PORT:spi_miso_i2c_sda_uart_tx(0)_PAD\ );
    Properties:
    {
    }

[IoId=6]: 
Pin : Name = \USER_PORT:spi_sclk(0)\
    Attributes:
        In Group/Port: True
        In Sync Option: NOSYNC
        Out Sync Option: AUTO
        Interrupt generated: False
        Interrupt mode: NONE
        Drive mode: HI_Z_DIGITAL
        VTrip: CMOS
        Slew: FAST
        Input Sync needed: False
        Output Sync needed: False
        SC shield enabled: False
        POR State: ANY
        LCD Mode: COMMON
        Register Mode: RegComb
        CaSense Mode: NEITHER
        Treat as pin: True
        Is OE Registered: False
        Uses Analog: False
        Can contain Digital: True
        Is SIO: False
        SIO Output Buf: NONREGULATED
        SIO Input Buf: SINGLE_ENDED
        SIO HiFreq: LOW
        SIO Hyst: DISABLED
        SIO Vtrip: MULTIPLIER_0_5
        SIO Multiplier Index: 0
        SIO RefSel: VCC_IO
        Required Capabilitites: DIGITAL
        Initial Value: 0
        IO Voltage: 0
    PORT MAP (
        pa_out => \USER_PORT:spi_sclk(0)\__PA ,
        fb => \USER_PORT:Net_932\ ,
        pad => \USER_PORT:spi_sclk(0)_PAD\ );
    Properties:
    {
    }

[IoId=7]: 
Pin : Name = \USER_PORT:spi_ss0(0)\
    Attributes:
        In Group/Port: True
        In Sync Option: NOSYNC
        Out Sync Option: NOSYNC
        Interrupt generated: False
        Interrupt mode: NONE
        Drive mode: HI_Z_DIGITAL
        VTrip: CMOS
        Slew: FAST
        Input Sync needed: False
        Output Sync needed: False
        SC shield enabled: False
        POR State: ANY
        LCD Mode: COMMON
        Register Mode: RegComb
        CaSense Mode: NEITHER
        Treat as pin: True
        Is OE Registered: False
        Uses Analog: False
        Can contain Digital: True
        Is SIO: False
        SIO Output Buf: NONREGULATED
        SIO Input Buf: SINGLE_ENDED
        SIO HiFreq: LOW
        SIO Hyst: DISABLED
        SIO Vtrip: MULTIPLIER_0_5
        SIO Multiplier Index: 0
        SIO RefSel: VCC_IO
        Required Capabilitites: DIGITAL
        Initial Value: 1
        IO Voltage: 0
    PORT MAP (
        pa_out => \USER_PORT:spi_ss0(0)\__PA ,
        input => \USER_PORT:ss_0\ ,
        pad => \USER_PORT:spi_ss0(0)_PAD\ );
    Properties:
    {
    }

Port 1 is empty
Port 2 contains the following IO cells:
[IoId=0]: 
Pin : Name = LED_R(0)
    Attributes:
        In Group/Port: True
        In Sync Option: AUTO
        Out Sync Option: NOSYNC
        Interrupt generated: False
        Interrupt mode: NONE
        Drive mode: CMOS_OUT
        VTrip: EITHER
        Slew: FAST
        Input Sync needed: False
        Output Sync needed: False
        SC shield enabled: False
        POR State: ANY
        LCD Mode: COMMON
        Register Mode: RegComb
        CaSense Mode: NEITHER
        Treat as pin: True
        Is OE Registered: False
        Uses Analog: False
        Can contain Digital: True
        Is SIO: False
        SIO Output Buf: NONREGULATED
        SIO Input Buf: SINGLE_ENDED
        SIO HiFreq: LOW
        SIO Hyst: DISABLED
        SIO Vtrip: MULTIPLIER_0_5
        SIO Multiplier Index: 0
        SIO RefSel: VCC_IO
        Required Capabilitites: DIGITAL
        Initial Value: 0
        IO Voltage: 0
    PORT MAP (
        pa_out => LED_R(0)__PA ,
        pad => LED_R(0)_PAD );
    Properties:
    {
    }

[IoId=3]: 
Pin : Name = P2_3_MODE(0)
    Attributes:
        In Group/Port: True
        In Sync Option: AUTO
        Out Sync Option: NOSYNC
        Interrupt generated: False
        Interrupt mode: NONE
        Drive mode: CMOS_OUT
        VTrip: EITHER
        Slew: FAST
        Input Sync needed: False
        Output Sync needed: False
        SC shield enabled: False
        POR State: ANY
        LCD Mode: COMMON
        Register Mode: RegComb
        CaSense Mode: NEITHER
        Treat as pin: True
        Is OE Registered: False
        Uses Analog: False
        Can contain Digital: True
        Is SIO: False
        SIO Output Buf: NONREGULATED
        SIO Input Buf: SINGLE_ENDED
        SIO HiFreq: LOW
        SIO Hyst: DISABLED
        SIO Vtrip: MULTIPLIER_0_5
        SIO Multiplier Index: 0
        SIO RefSel: VCC_IO
        Required Capabilitites: DIGITAL
        Initial Value: 0
        IO Voltage: 0
    PORT MAP (
        pa_out => P2_3_MODE(0)__PA ,
        pad => P2_3_MODE(0)_PAD );
    Properties:
    {
    }

[IoId=4]: 
Pin : Name = P2_4_A_PH(0)
    Attributes:
        In Group/Port: True
        In Sync Option: AUTO
        Out Sync Option: NOSYNC
        Interrupt generated: False
        Interrupt mode: NONE
        Drive mode: CMOS_OUT
        VTrip: EITHER
        Slew: FAST
        Input Sync needed: False
        Output Sync needed: False
        SC shield enabled: False
        POR State: ANY
        LCD Mode: COMMON
        Register Mode: RegComb
        CaSense Mode: NEITHER
        Treat as pin: True
        Is OE Registered: False
        Uses Analog: False
        Can contain Digital: True
        Is SIO: False
        SIO Output Buf: NONREGULATED
        SIO Input Buf: SINGLE_ENDED
        SIO HiFreq: LOW
        SIO Hyst: DISABLED
        SIO Vtrip: MULTIPLIER_0_5
        SIO Multiplier Index: 0
        SIO RefSel: VCC_IO
        Required Capabilitites: DIGITAL
        Initial Value: 1
        IO Voltage: 0
    PORT MAP (
        pa_out => P2_4_A_PH(0)__PA ,
        input => Net_73 ,
        pad => P2_4_A_PH(0)_PAD );
    Properties:
    {
    }

[IoId=5]: 
Pin : Name = P2_5_A_EN(0)
    Attributes:
        In Group/Port: True
        In Sync Option: AUTO
        Out Sync Option: NOSYNC
        Interrupt generated: False
        Interrupt mode: NONE
        Drive mode: CMOS_OUT
        VTrip: EITHER
        Slew: FAST
        Input Sync needed: False
        Output Sync needed: False
        SC shield enabled: False
        POR State: ANY
        LCD Mode: COMMON
        Register Mode: RegComb
        CaSense Mode: NEITHER
        Treat as pin: True
        Is OE Registered: False
        Uses Analog: False
        Can contain Digital: True
        Is SIO: False
        SIO Output Buf: NONREGULATED
        SIO Input Buf: SINGLE_ENDED
        SIO HiFreq: LOW
        SIO Hyst: DISABLED
        SIO Vtrip: MULTIPLIER_0_5
        SIO Multiplier Index: 0
        SIO RefSel: VCC_IO
        Required Capabilitites: DIGITAL
        Initial Value: 0
        IO Voltage: 0
    PORT MAP (
        pa_out => P2_5_A_EN(0)__PA ,
        pad => P2_5_A_EN(0)_PAD );
    Properties:
    {
    }

[IoId=6]: 
Pin : Name = P2_6_B_PH(0)
    Attributes:
        In Group/Port: True
        In Sync Option: AUTO
        Out Sync Option: NOSYNC
        Interrupt generated: False
        Interrupt mode: NONE
        Drive mode: CMOS_OUT
        VTrip: EITHER
        Slew: FAST
        Input Sync needed: False
        Output Sync needed: False
        SC shield enabled: False
        POR State: ANY
        LCD Mode: COMMON
        Register Mode: RegComb
        CaSense Mode: NEITHER
        Treat as pin: True
        Is OE Registered: False
        Uses Analog: False
        Can contain Digital: True
        Is SIO: False
        SIO Output Buf: NONREGULATED
        SIO Input Buf: SINGLE_ENDED
        SIO HiFreq: LOW
        SIO Hyst: DISABLED
        SIO Vtrip: MULTIPLIER_0_5
        SIO Multiplier Index: 0
        SIO RefSel: VCC_IO
        Required Capabilitites: DIGITAL
        Initial Value: 1
        IO Voltage: 0
    PORT MAP (
        pa_out => P2_6_B_PH(0)__PA ,
        input => Net_74 ,
        pad => P2_6_B_PH(0)_PAD );
    Properties:
    {
    }

[IoId=7]: 
Pin : Name = P2_7_B_EN(0)
    Attributes:
        In Group/Port: True
        In Sync Option: AUTO
        Out Sync Option: NOSYNC
        Interrupt generated: False
        Interrupt mode: NONE
        Drive mode: CMOS_OUT
        VTrip: EITHER
        Slew: FAST
        Input Sync needed: False
        Output Sync needed: False
        SC shield enabled: False
        POR State: ANY
        LCD Mode: COMMON
        Register Mode: RegComb
        CaSense Mode: NEITHER
        Treat as pin: True
        Is OE Registered: False
        Uses Analog: False
        Can contain Digital: True
        Is SIO: False
        SIO Output Buf: NONREGULATED
        SIO Input Buf: SINGLE_ENDED
        SIO HiFreq: LOW
        SIO Hyst: DISABLED
        SIO Vtrip: MULTIPLIER_0_5
        SIO Multiplier Index: 0
        SIO RefSel: VCC_IO
        Required Capabilitites: DIGITAL
        Initial Value: 0
        IO Voltage: 0
    PORT MAP (
        pa_out => P2_7_B_EN(0)__PA ,
        pad => P2_7_B_EN(0)_PAD );
    Properties:
    {
    }

Port 3 is empty
Port 4 contains the following IO cells:
[IoId=0]: 
Pin : Name = \EXPANSION_PORT:spi_mosi_i2c_scl_uart_rx(0)\
    Attributes:
        In Group/Port: True
        In Sync Option: NOSYNC
        Out Sync Option: AUTO
        Interrupt generated: False
        Interrupt mode: NONE
        Drive mode: HI_Z_DIGITAL
        VTrip: CMOS
        Slew: FAST
        Input Sync needed: False
        Output Sync needed: False
        SC shield enabled: False
        POR State: ANY
        LCD Mode: COMMON
        Register Mode: RegComb
        CaSense Mode: NEITHER
        Treat as pin: True
        Is OE Registered: False
        Uses Analog: False
        Can contain Digital: True
        Is SIO: False
        SIO Output Buf: NONREGULATED
        SIO Input Buf: SINGLE_ENDED
        SIO HiFreq: LOW
        SIO Hyst: DISABLED
        SIO Vtrip: MULTIPLIER_0_5
        SIO Multiplier Index: 0
        SIO RefSel: VCC_IO
        Required Capabilitites: DIGITAL
        Initial Value: 0
        IO Voltage: 0
    PORT MAP (
        pa_out => \EXPANSION_PORT:spi_mosi_i2c_scl_uart_rx(0)\__PA ,
        fb => \EXPANSION_PORT:Net_903\ ,
        pad => \EXPANSION_PORT:spi_mosi_i2c_scl_uart_rx(0)_PAD\ );
    Properties:
    {
    }

[IoId=1]: 
Pin : Name = \EXPANSION_PORT:spi_miso_i2c_sda_uart_tx(0)\
    Attributes:
        In Group/Port: True
        In Sync Option: NOSYNC
        Out Sync Option: AUTO
        Interrupt generated: False
        Interrupt mode: NONE
        Drive mode: HI_Z_DIGITAL
        VTrip: CMOS
        Slew: FAST
        Input Sync needed: False
        Output Sync needed: False
        SC shield enabled: False
        POR State: ANY
        LCD Mode: COMMON
        Register Mode: RegComb
        CaSense Mode: NEITHER
        Treat as pin: True
        Is OE Registered: False
        Uses Analog: False
        Can contain Digital: True
        Is SIO: False
        SIO Output Buf: NONREGULATED
        SIO Input Buf: SINGLE_ENDED
        SIO HiFreq: LOW
        SIO Hyst: DISABLED
        SIO Vtrip: MULTIPLIER_0_5
        SIO Multiplier Index: 0
        SIO RefSel: VCC_IO
        Required Capabilitites: DIGITAL
        Initial Value: 0
        IO Voltage: 0
    PORT MAP (
        pa_out => \EXPANSION_PORT:spi_miso_i2c_sda_uart_tx(0)\__PA ,
        fb => \EXPANSION_PORT:Net_896\ ,
        pad => \EXPANSION_PORT:spi_miso_i2c_sda_uart_tx(0)_PAD\ );
    Properties:
    {
    }

Clock group 0: 
    M0S8 Clock Block @ F(Clock,0): 
    m0s8clockblockcell: Name =ClockBlock
        PORT MAP (
            hfclk => ClockBlock_HFCLK ,
            imo => ClockBlock_IMO ,
            ext => ClockBlock_EXTCLK ,
            sysclk => ClockBlock_SYSCLK ,
            ilo => ClockBlock_ILO ,
            lfclk => ClockBlock_LFCLK ,
            dsi_in_0 => ClockBlock_Routed1 ,
            ff_div_8 => Net_110_ff8 ,
            ff_div_9 => Net_110_ff9 ,
            ff_div_2 => Net_2_ff2 ,
            ff_div_3 => Net_299_ff3 );
        Properties:
        {
        }
PM group 0: empty
SPC group 0: empty
WDT group 0: empty
FSS group 0: empty
LP Comparator group 0: empty
Serial Communication (SCB) group 0: 
    SCB Block @ F(SCB,0): 
    m0s8scbcell: Name =\EXPANSION_PORT:SCB\
        PORT MAP (
            clock => Net_299_ff3 ,
            interrupt => Net_304 ,
            tx => \EXPANSION_PORT:Net_656\ ,
            rts => \EXPANSION_PORT:Net_751\ ,
            mosi_m => \EXPANSION_PORT:Net_660\ ,
            miso_m => \EXPANSION_PORT:Net_896\ ,
            select_m_3 => \EXPANSION_PORT:ss_3\ ,
            select_m_2 => \EXPANSION_PORT:ss_2\ ,
            select_m_1 => \EXPANSION_PORT:ss_1\ ,
            select_m_0 => \EXPANSION_PORT:ss_0\ ,
            sclk_m => \EXPANSION_PORT:Net_687\ ,
            mosi_s => \EXPANSION_PORT:Net_903\ ,
            miso_s => \EXPANSION_PORT:Net_703\ ,
            tx_req => \EXPANSION_PORT:Net_823\ ,
            rx_req => \EXPANSION_PORT:Net_824\ );
        Properties:
        {
            cy_registers = ""
            scb_mode = 1
        }
    SCB Block @ F(SCB,1): 
    m0s8scbcell: Name =\USER_PORT:SCB\
        PORT MAP (
            clock => Net_2_ff2 ,
            interrupt => Net_1 ,
            tx => \USER_PORT:Net_656\ ,
            rts => \USER_PORT:Net_751\ ,
            mosi_m => \USER_PORT:Net_660\ ,
            miso_m => \USER_PORT:Net_896\ ,
            select_m_3 => \USER_PORT:ss_3\ ,
            select_m_2 => \USER_PORT:ss_2\ ,
            select_m_1 => \USER_PORT:ss_1\ ,
            select_m_0 => \USER_PORT:ss_0\ ,
            sclk_m => \USER_PORT:Net_687\ ,
            mosi_s => \USER_PORT:Net_903\ ,
            miso_s => \USER_PORT:Net_703\ ,
            sclk_s => \USER_PORT:Net_932\ ,
            tx_req => \USER_PORT:Net_823\ ,
            rx_req => \USER_PORT:Net_824\ );
        Properties:
        {
            cy_registers = ""
            scb_mode = 1
        }
CapSense group 0: empty
8-bit IDAC group 0: empty
7-bit IDAC group 0: empty
Timer/Counter/PWM group 0: 
    Tcpwm Block @ F(TCPWM,0): 
    m0s8tcpwmcell: Name =\PWM_1:cy_m0s8_tcpwm_1\
        PORT MAP (
            clock => Net_110_ff8 ,
            capture => zero ,
            count => one ,
            reload => zero ,
            stop => zero ,
            start => zero ,
            tr_underflow => Net_207 ,
            tr_overflow => Net_206 ,
            tr_compare_match => Net_208 ,
            line_out => Net_73 ,
            line_out_compl => Net_209 ,
            interrupt => Net_205 );
        Properties:
        {
            cy_registers = ""
        }
    Tcpwm Block @ F(TCPWM,1): 
    m0s8tcpwmcell: Name =\PWM_2:cy_m0s8_tcpwm_1\
        PORT MAP (
            clock => Net_110_ff9 ,
            capture => zero ,
            count => one ,
            reload => zero ,
            stop => zero ,
            start => zero ,
            tr_underflow => Net_197 ,
            tr_overflow => Net_196 ,
            tr_compare_match => Net_198 ,
            line_out => Net_74 ,
            line_out_compl => Net_199 ,
            interrupt => Net_195 );
        Properties:
        {
            cy_registers = ""
        }
Comparator/Opamp group 0: empty
Die Temp group 0: empty
SAR ADC group 0: empty
Segment LCD group 0: empty
CLK_GEN group 0: 
    M0S8 Clock Gen Block @ F(CLK_GEN,0): 
    m0s8clockgenblockcell: Name =ClockGenBlock
        PORT MAP (
             );
        Properties:
        {
        }
LPCOMPBLOCK group 0: empty
PASSBLOCK group 0: empty
ANAPUMP group 0: empty
WCO group 0: empty
</CYPRESSTAG>
<CYPRESSTAG name="Port Configuration Details">

------------------------------------------------------------
Port Configuration report
------------------------------------------------------------
     |     |       | Interrupt |                  |                                              | 
Port | Pin | Fixed |      Type |       Drive Mode |                                         Name | Connections
-----+-----+-------+-----------+------------------+----------------------------------------------+-----------------------------
   0 |   4 |     * |      NONE |     HI_Z_DIGITAL |      \USER_PORT:spi_mosi_i2c_scl_uart_rx(0)\ | FB(\USER_PORT:Net_903\)
     |   5 |     * |      NONE |     HI_Z_DIGITAL |      \USER_PORT:spi_miso_i2c_sda_uart_tx(0)\ | FB(\USER_PORT:Net_896\)
     |   6 |     * |      NONE |     HI_Z_DIGITAL |                      \USER_PORT:spi_sclk(0)\ | FB(\USER_PORT:Net_932\)
     |   7 |     * |      NONE |     HI_Z_DIGITAL |                       \USER_PORT:spi_ss0(0)\ | In(\USER_PORT:ss_0\)
-----+-----+-------+-----------+------------------+----------------------------------------------+-----------------------------
   2 |   0 |     * |      NONE |         CMOS_OUT |                                     LED_R(0) | 
     |   3 |     * |      NONE |         CMOS_OUT |                                 P2_3_MODE(0) | 
     |   4 |     * |      NONE |         CMOS_OUT |                                 P2_4_A_PH(0) | In(Net_73)
     |   5 |     * |      NONE |         CMOS_OUT |                                 P2_5_A_EN(0) | 
     |   6 |     * |      NONE |         CMOS_OUT |                                 P2_6_B_PH(0) | In(Net_74)
     |   7 |     * |      NONE |         CMOS_OUT |                                 P2_7_B_EN(0) | 
-----+-----+-------+-----------+------------------+----------------------------------------------+-----------------------------
   4 |   0 |       |      NONE |     HI_Z_DIGITAL | \EXPANSION_PORT:spi_mosi_i2c_scl_uart_rx(0)\ | FB(\EXPANSION_PORT:Net_903\)
     |   1 |       |      NONE |     HI_Z_DIGITAL | \EXPANSION_PORT:spi_miso_i2c_sda_uart_tx(0)\ | FB(\EXPANSION_PORT:Net_896\)
-------------------------------------------------------------------------------------------------------------------------------
</CYPRESSTAG>
</CYPRESSTAG>
</CYPRESSTAG>
Digital component placer commit/Report: Elapsed time ==> 0s.002ms
Digital Placement phase: Elapsed time ==> 0s.459ms
</CYPRESSTAG>
<CYPRESSTAG name="Digital Routing">
Routing successful.
Digital Routing phase: Elapsed time ==> 0s.786ms
</CYPRESSTAG>
<CYPRESSTAG name="Bitstream and API generation">
Bitstream and API generation phase: Elapsed time ==> 0s.204ms
</CYPRESSTAG>
<CYPRESSTAG name="Bitstream verification">
Bitstream verification phase: Elapsed time ==> 0s.026ms
</CYPRESSTAG>
<CYPRESSTAG name="Static timing analysis">
Timing report is in FW001_timing.html.
Static timing analysis phase: Elapsed time ==> 0s.262ms
</CYPRESSTAG>
<CYPRESSTAG name="Data reporting">
Data reporting phase: Elapsed time ==> 0s.000ms
</CYPRESSTAG>
<CYPRESSTAG name="Database update...">
Design database save phase: Elapsed time ==> 0s.192ms
</CYPRESSTAG>
cydsfit: Elapsed time ==> 2s.405ms
</CYPRESSTAG>
Fitter phase: Elapsed time ==> 2s.445ms
API generation phase: Elapsed time ==> 1s.889ms
Dependency generation phase: Elapsed time ==> 0s.017ms
Cleanup phase: Elapsed time ==> 0s.001ms
